// Jest Snapshot v1, https://goo.gl/fbAQLP

exports[`MainGrid Tests Snapshot Test 1`] = `
<div
  className="sc-AxhCb cQWatt"
  size={0}
/>
`;
