// Jest Snapshot v1, https://goo.gl/fbAQLP

exports[`GridBox Tests Snapshot Test 1`] = `
<div
  className="sc-AxjAm cHysnD"
/>
`;
